../Core/Src/main.c:99:6:step	24	static
../Core/Src/main.c:117:5:getPotenciometro	24	static
../Core/Src/main.c:125:6:HAL_ADC_ConvCpltCallback	16	static
../Core/Src/main.c:136:6:HAL_GPIO_EXTI_Callback	16	static
../Core/Src/main.c:143:6:HAL_TIM_PeriodElapsedCallback	16	static
../Core/Src/main.c:164:5:main	8	static
../Core/Src/main.c:243:6:SystemClock_Config	88	static
../Core/Src/main.c:290:13:MX_ADC1_Init	24	static
../Core/Src/main.c:351:13:MX_TIM1_Init	32	static
../Core/Src/main.c:395:13:MX_DMA_Init	16	static
../Core/Src/main.c:413:13:MX_GPIO_Init	48	static
../Core/Src/main.c:463:6:Error_Handler	4	static,ignoring_inline_asm
