../Core/Src/main.c:90:6:step	24	static
../Core/Src/main.c:108:5:debouncer	24	static
../Core/Src/main.c:135:5:getPotenciometro	24	static
../Core/Src/main.c:143:6:HAL_ADC_ConvCpltCallback	16	static
../Core/Src/main.c:154:6:HAL_GPIO_EXTI_Callback	16	static
../Core/Src/main.c:169:5:main	8	static
../Core/Src/main.c:248:6:SystemClock_Config	88	static
../Core/Src/main.c:295:13:MX_ADC1_Init	24	static
../Core/Src/main.c:356:13:MX_TIM1_Init	32	static
../Core/Src/main.c:400:13:MX_DMA_Init	16	static
../Core/Src/main.c:418:13:MX_GPIO_Init	40	static
../Core/Src/main.c:457:6:Error_Handler	4	static,ignoring_inline_asm
